Relatório de monitoramento - Tue Sep  3 01:26:13 UTC 2024
 ---------------------------------
 ✔️ Serviço apache2 está ativo.
 ✔️ Serviço mysqld está ativo.

 CPU:
 Linux 5.15.153.1-microsoft-standard-WSL2 (d11c54ec965d)     09/03/24        _x86_64_        (6 CPU)
 
 01:26:13     CPU    %usr   %nice    %sys %iowait    %irq   %soft  %steal  %guest  %gnice   %idle
 01:26:13     all    0.06    0.00    0.10    0.05    0.00    0.01    0.00    0.00    0.00   99.78
 
 Memória:
                total        used        free      shared  buff/cache   available
 Mem:           7.7Gi       1.2Gi       6.0Gi       4.8Mi       736Mi       6.5Gi
 Swap:          2.0Gi          0B       2.0Gi
 
 Espaço em Disco:

 Filesystem      Size  Used Avail Use% Mounted on
 overlay        1007G  3.1G  953G   1% /
 tmpfs            64M     0   64M   0% /dev
 tmpfs           3.9G     0  3.9G   0% /sys/fs/cgroup
 shm              64M     0   64M   0% /dev/shm
 /dev/sdd       1007G  3.1G  953G   1% /etc/hosts
 tmpfs           3.9G     0  3.9G   0% /proc/acpi
 tmpfs           3.9G     0  3.9G   0% /sys/firmware